#-----------------------------------------------------------
# Webtalk v2020.2 (64-bit)
# SW Build 3064766 on Wed Nov 18 09:12:47 MST 2020
# IP Build 3064653 on Wed Nov 18 14:17:31 MST 2020
# Start of session at: Tue Oct  5 09:58:30 2021
# Process ID: 39822
# Current directory: /home/josemrtnz/Documents/ECE524L/fa21-e524-lab-assignment3-group-7/Lab3/Lab3.sim/sim_1/behav/xsim
# Command line: wbtcv -mode batch -source /home/josemrtnz/Documents/ECE524L/fa21-e524-lab-assignment3-group-7/Lab3/Lab3.sim/sim_1/behav/xsim/xsim.dir/dsi_tb_behav/webtalk/xsim_webtalk.tcl -notrace
# Log file: /home/josemrtnz/Documents/ECE524L/fa21-e524-lab-assignment3-group-7/Lab3/Lab3.sim/sim_1/behav/xsim/webtalk.log
# Journal file: /home/josemrtnz/Documents/ECE524L/fa21-e524-lab-assignment3-group-7/Lab3/Lab3.sim/sim_1/behav/xsim/webtalk.jou
#-----------------------------------------------------------
source /home/josemrtnz/Documents/ECE524L/fa21-e524-lab-assignment3-group-7/Lab3/Lab3.sim/sim_1/behav/xsim/xsim.dir/dsi_tb_behav/webtalk/xsim_webtalk.tcl -notrace
