#-----------------------------------------------------------
# Webtalk v2020.2 (64-bit)
# SW Build 3064766 on Wed Nov 18 09:12:47 MST 2020
# IP Build 3064653 on Wed Nov 18 14:17:31 MST 2020
# Start of session at: Mon Nov  1 19:56:49 2021
# Process ID: 199175
# Current directory: /home/josemrtnz/Documents/ECE524L/fa21-e524-lab-assignment6-group-7/lab_6/lab_6.sim/sim_1/behav/xsim
# Command line: wbtcv -mode batch -source /home/josemrtnz/Documents/ECE524L/fa21-e524-lab-assignment6-group-7/lab_6/lab_6.sim/sim_1/behav/xsim/xsim.dir/shift_right_mult_tb_behav/webtalk/xsim_webtalk.tcl -notrace
# Log file: /home/josemrtnz/Documents/ECE524L/fa21-e524-lab-assignment6-group-7/lab_6/lab_6.sim/sim_1/behav/xsim/webtalk.log
# Journal file: /home/josemrtnz/Documents/ECE524L/fa21-e524-lab-assignment6-group-7/lab_6/lab_6.sim/sim_1/behav/xsim/webtalk.jou
#-----------------------------------------------------------
source /home/josemrtnz/Documents/ECE524L/fa21-e524-lab-assignment6-group-7/lab_6/lab_6.sim/sim_1/behav/xsim/xsim.dir/shift_right_mult_tb_behav/webtalk/xsim_webtalk.tcl -notrace
